punishment.byte: Invalid Argument -- n "@": Bad integer value.
Usage: punishment.byte [-n number] [-p paragraph] [-c configfile]
