test_bootstrap_failure.byte: bootstrap: monolith: This error was triggered on purpose.
