punishment.byte: Invalid Argument -- NUMBER "@": Bad integer value.
