test_cyclic_dependency.byte: Failure: Cyclic dependency on component 'bike'.
